Hello from
 ____        _        
|  _ \ _   _| | _____ 
| | | | | | | |/ / _ \
| |_| | |_| |   <  __/
|____/ \__,_|_|\_\___|

What can I do for you?
added: read book
added: return book
1.[x] read book
2.[x] return book
Nice! I've marked this task as done:
[v] return book
1.[x] read book
2.[v] return book
Bye. Hope to see you again soon!
